
 RUN  v4.1.9 D:/GSSOC_2026_PRJS/INTERNHACK/InternHack/client

node.exe : Error: useRoutes() may be used only in the context of a <Router> 
component.
At line:1 char:1
+ & "C:\Program Files\nodejs/node.exe" "C:\Program Files\nodejs/node_mo ...
+ ~~~~~~~~~~~~~~~~~~~~~~~~~~~~~~~~~~~~~~~~~~~~~~~~~~~~~~~~~~~~~~~~~~~~~
    + CategoryInfo          : NotSpecified: (Error: useRoute...ter> component. 
   :String) [], RemoteException
    + FullyQualifiedErrorId : NativeCommandError
 
    at invariant (D:\GSSOC_2026_PRJS\INTERNHACK\InternHack\client\node_modules\
react-router\dist\development\chunk-SRID2YZ2.js:200:11)
    at useRoutesImpl (D:\GSSOC_2026_PRJS\INTERNHACK\InternHack\client\node_modu
les\react-router\dist\development\chunk-SRID2YZ2.js:7209:3)
    at useRoutes (D:\GSSOC_2026_PRJS\INTERNHACK\InternHack\client\node_modules\
react-router\dist\development\chunk-SRID2YZ2.js:7206:10)
    at Routes (D:\GSSOC_2026_PRJS\INTERNHACK\InternHack\client\node_modules\rea
ct-router\dist\development\chunk-SRID2YZ2.js:9885:10)
    at renderWithHooks (D:\GSSOC_2026_PRJS\INTERNHACK\InternHack\client\node_mo
dules\react-dom\cjs\react-dom.development.js:15486:18)
    at mountIndeterminateComponent (D:\GSSOC_2026_PRJS\INTERNHACK\InternHack\cl
ient\node_modules\react-dom\cjs\react-dom.development.js:20103:13)
    at beginWork (D:\GSSOC_2026_PRJS\INTERNHACK\InternHack\client\node_modules\
react-dom\cjs\react-dom.development.js:21626:16)
    at HTMLUnknownElement.callCallback (D:\GSSOC_2026_PRJS\INTERNHACK\InternHac
k\client\node_modules\react-dom\cjs\react-dom.development.js:4164:14)
    at HTMLUnknownElement.callTheUserObjectsOperation (D:\GSSOC_2026_PRJS\INTER
NHACK\InternHack\client\node_modules\jsdom\lib\generated\idl\EventListener.js:2
6:30)
    at innerInvokeEventListeners (D:\GSSOC_2026_PRJS\INTERNHACK\InternHack\clie
nt\node_modules\jsdom\lib\jsdom\living\events\EventTarget-impl.js:360:16)
Error: useRoutes() may be used only in the context of a <Router> component.
    at invariant (D:\GSSOC_2026_PRJS\INTERNHACK\InternHack\client\node_modules\
react-router\dist\development\chunk-SRID2YZ2.js:200:11)
    at useRoutesImpl (D:\GSSOC_2026_PRJS\INTERNHACK\InternHack\client\node_modu
les\react-router\dist\development\chunk-SRID2YZ2.js:7209:3)
    at useRoutes (D:\GSSOC_2026_PRJS\INTERNHACK\InternHack\client\node_modules\
react-router\dist\development\chunk-SRID2YZ2.js:7206:10)
    at Routes (D:\GSSOC_2026_PRJS\INTERNHACK\InternHack\client\node_modules\rea
ct-router\dist\development\chunk-SRID2YZ2.js:9885:10)
    at renderWithHooks (D:\GSSOC_2026_PRJS\INTERNHACK\InternHack\client\node_mo
dules\react-dom\cjs\react-dom.development.js:15486:18)
    at mountIndeterminateComponent (D:\GSSOC_2026_PRJS\INTERNHACK\InternHack\cl
ient\node_modules\react-dom\cjs\react-dom.development.js:20103:13)
    at beginWork (D:\GSSOC_2026_PRJS\INTERNHACK\InternHack\client\node_modules\
react-dom\cjs\react-dom.development.js:21626:16)
    at HTMLUnknownElement.callCallback (D:\GSSOC_2026_PRJS\INTERNHACK\InternHac
k\client\node_modules\react-dom\cjs\react-dom.development.js:4164:14)
    at HTMLUnknownElement.callTheUserObjectsOperation (D:\GSSOC_2026_PRJS\INTER
NHACK\InternHack\client\node_modules\jsdom\lib\generated\idl\EventListener.js:2
6:30)
    at innerInvokeEventListeners (D:\GSSOC_2026_PRJS\INTERNHACK\InternHack\clie
nt\node_modules\jsdom\lib\jsdom\living\events\EventTarget-impl.js:360:16)
stderr | src/module/student/grants/HackathonCalendarPage.test.tsx > 
HackathonCalendarPage URL filter sync > restores filters from URL params on 
first render
The above error occurred in the <Routes> component:

    at Routes (D:\GSSOC_2026_PRJS\INTERNHACK\InternHack\client\node_modules\rea
ct-router\dist\development\chunk-SRID2YZ2.js:9882:3)
    at unstable_HistoryRouter
    at QueryClientProvider (file:///D:/GSSOC_2026_PRJS/INTERNHACK/InternHack/cl
ient/node_modules/@tanstack/react-query/build/modern/QueryClientProvider.js:20:
3)

Consider adding an error boundary to your tree to customize error handling 
behavior.
Visit https://reactjs.org/link/error-boundaries to learn more about error 
boundaries.

Error: useRoutes() may be used only in the context of a <Router> component.
    at invariant (D:\GSSOC_2026_PRJS\INTERNHACK\InternHack\client\node_modules\
react-router\dist\development\chunk-SRID2YZ2.js:200:11)
    at useRoutesImpl (D:\GSSOC_2026_PRJS\INTERNHACK\InternHack\client\node_modu
les\react-router\dist\development\chunk-SRID2YZ2.js:7209:3)
    at useRoutes (D:\GSSOC_2026_PRJS\INTERNHACK\InternHack\client\node_modules\
react-router\dist\development\chunk-SRID2YZ2.js:7206:10)
    at Routes (D:\GSSOC_2026_PRJS\INTERNHACK\InternHack\client\node_modules\rea
ct-router\dist\development\chunk-SRID2YZ2.js:9885:10)
    at renderWithHooks (D:\GSSOC_2026_PRJS\INTERNHACK\InternHack\client\node_mo
dules\react-dom\cjs\react-dom.development.js:15486:18)
    at mountIndeterminateComponent (D:\GSSOC_2026_PRJS\INTERNHACK\InternHack\cl
ient\node_modules\react-dom\cjs\react-dom.development.js:20103:13)
    at beginWork (D:\GSSOC_2026_PRJS\INTERNHACK\InternHack\client\node_modules\
react-dom\cjs\react-dom.development.js:21626:16)
    at HTMLUnknownElement.callCallback (D:\GSSOC_2026_PRJS\INTERNHACK\InternHac
k\client\node_modules\react-dom\cjs\react-dom.development.js:4164:14)
    at HTMLUnknownElement.callTheUserObjectsOperation (D:\GSSOC_2026_PRJS\INTER
NHACK\InternHack\client\node_modules\jsdom\lib\generated\idl\EventListener.js:2
6:30)
    at innerInvokeEventListeners (D:\GSSOC_2026_PRJS\INTERNHACK\InternHack\clie
nt\node_modules\jsdom\lib\jsdom\living\events\EventTarget-impl.js:360:16)
Error: useRoutes() may be used only in the context of a <Router> component.
    at invariant (D:\GSSOC_2026_PRJS\INTERNHACK\InternHack\client\node_modules\
react-router\dist\development\chunk-SRID2YZ2.js:200:11)
    at useRoutesImpl (D:\GSSOC_2026_PRJS\INTERNHACK\InternHack\client\node_modu
les\react-router\dist\development\chunk-SRID2YZ2.js:7209:3)
    at useRoutes (D:\GSSOC_2026_PRJS\INTERNHACK\InternHack\client\node_modules\
react-router\dist\development\chunk-SRID2YZ2.js:7206:10)
    at Routes (D:\GSSOC_2026_PRJS\INTERNHACK\InternHack\client\node_modules\rea
ct-router\dist\development\chunk-SRID2YZ2.js:9885:10)
    at renderWithHooks (D:\GSSOC_2026_PRJS\INTERNHACK\InternHack\client\node_mo
dules\react-dom\cjs\react-dom.development.js:15486:18)
    at mountIndeterminateComponent (D:\GSSOC_2026_PRJS\INTERNHACK\InternHack\cl
ient\node_modules\react-dom\cjs\react-dom.development.js:20103:13)
    at beginWork (D:\GSSOC_2026_PRJS\INTERNHACK\InternHack\client\node_modules\
react-dom\cjs\react-dom.development.js:21626:16)
    at HTMLUnknownElement.callCallback (D:\GSSOC_2026_PRJS\INTERNHACK\InternHac
k\client\node_modules\react-dom\cjs\react-dom.development.js:4164:14)
    at HTMLUnknownElement.callTheUserObjectsOperation (D:\GSSOC_2026_PRJS\INTER
NHACK\InternHack\client\node_modules\jsdom\lib\generated\idl\EventListener.js:2
6:30)
    at innerInvokeEventListeners (D:\GSSOC_2026_PRJS\INTERNHACK\InternHack\clie
nt\node_modules\jsdom\lib\jsdom\living\events\EventTarget-impl.js:360:16)
stderr | src/module/student/grants/HackathonCalendarPage.test.tsx > 
HackathonCalendarPage URL filter sync > falls back to default values on 
invalid filter params
The above error occurred in the <Routes> component:

    at Routes (D:\GSSOC_2026_PRJS\INTERNHACK\InternHack\client\node_modules\rea
ct-router\dist\development\chunk-SRID2YZ2.js:9882:3)
    at unstable_HistoryRouter
    at QueryClientProvider (file:///D:/GSSOC_2026_PRJS/INTERNHACK/InternHack/cl
ient/node_modules/@tanstack/react-query/build/modern/QueryClientProvider.js:20:
3)

Consider adding an error boundary to your tree to customize error handling 
behavior.
Visit https://reactjs.org/link/error-boundaries to learn more about error 
boundaries.

Error: useRoutes() may be used only in the context of a <Router> component.
    at invariant (D:\GSSOC_2026_PRJS\INTERNHACK\InternHack\client\node_modules\
react-router\dist\development\chunk-SRID2YZ2.js:200:11)
    at useRoutesImpl (D:\GSSOC_2026_PRJS\INTERNHACK\InternHack\client\node_modu
les\react-router\dist\development\chunk-SRID2YZ2.js:7209:3)
    at useRoutes (D:\GSSOC_2026_PRJS\INTERNHACK\InternHack\client\node_modules\
react-router\dist\development\chunk-SRID2YZ2.js:7206:10)
    at Routes (D:\GSSOC_2026_PRJS\INTERNHACK\InternHack\client\node_modules\rea
ct-router\dist\development\chunk-SRID2YZ2.js:9885:10)
    at renderWithHooks (D:\GSSOC_2026_PRJS\INTERNHACK\InternHack\client\node_mo
dules\react-dom\cjs\react-dom.development.js:15486:18)
    at mountIndeterminateComponent (D:\GSSOC_2026_PRJS\INTERNHACK\InternHack\cl
ient\node_modules\react-dom\cjs\react-dom.development.js:20103:13)
    at beginWork (D:\GSSOC_2026_PRJS\INTERNHACK\InternHack\client\node_modules\
react-dom\cjs\react-dom.development.js:21626:16)
    at HTMLUnknownElement.callCallback (D:\GSSOC_2026_PRJS\INTERNHACK\InternHac
k\client\node_modules\react-dom\cjs\react-dom.development.js:4164:14)
    at HTMLUnknownElement.callTheUserObjectsOperation (D:\GSSOC_2026_PRJS\INTER
NHACK\InternHack\client\node_modules\jsdom\lib\generated\idl\EventListener.js:2
6:30)
    at innerInvokeEventListeners (D:\GSSOC_2026_PRJS\INTERNHACK\InternHack\clie
nt\node_modules\jsdom\lib\jsdom\living\events\EventTarget-impl.js:360:16)
Error: useRoutes() may be used only in the context of a <Router> component.
    at invariant (D:\GSSOC_2026_PRJS\INTERNHACK\InternHack\client\node_modules\
react-router\dist\development\chunk-SRID2YZ2.js:200:11)
    at useRoutesImpl (D:\GSSOC_2026_PRJS\INTERNHACK\InternHack\client\node_modu
les\react-router\dist\development\chunk-SRID2YZ2.js:7209:3)
    at useRoutes (D:\GSSOC_2026_PRJS\INTERNHACK\InternHack\client\node_modules\
react-router\dist\development\chunk-SRID2YZ2.js:7206:10)
    at Routes (D:\GSSOC_2026_PRJS\INTERNHACK\InternHack\client\node_modules\rea
ct-router\dist\development\chunk-SRID2YZ2.js:9885:10)
    at renderWithHooks (D:\GSSOC_2026_PRJS\INTERNHACK\InternHack\client\node_mo
dules\react-dom\cjs\react-dom.development.js:15486:18)
    at mountIndeterminateComponent (D:\GSSOC_2026_PRJS\INTERNHACK\InternHack\cl
ient\node_modules\react-dom\cjs\react-dom.development.js:20103:13)
    at beginWork (D:\GSSOC_2026_PRJS\INTERNHACK\InternHack\client\node_modules\
react-dom\cjs\react-dom.development.js:21626:16)
    at HTMLUnknownElement.callCallback (D:\GSSOC_2026_PRJS\INTERNHACK\InternHac
k\client\node_modules\react-dom\cjs\react-dom.development.js:4164:14)
    at HTMLUnknownElement.callTheUserObjectsOperation (D:\GSSOC_2026_PRJS\INTER
NHACK\InternHack\client\node_modules\jsdom\lib\generated\idl\EventListener.js:2
6:30)
    at innerInvokeEventListeners (D:\GSSOC_2026_PRJS\INTERNHACK\InternHack\clie
nt\node_modules\jsdom\lib\jsdom\living\events\EventTarget-impl.js:360:16)
stderr | src/module/student/grants/HackathonCalendarPage.test.tsx > 
HackathonCalendarPage URL filter sync > restores filter UI when navigating 
back and forward
The above error occurred in the <Routes> component:

    at Routes (D:\GSSOC_2026_PRJS\INTERNHACK\InternHack\client\node_modules\rea
ct-router\dist\development\chunk-SRID2YZ2.js:9882:3)
    at unstable_HistoryRouter
    at QueryClientProvider (file:///D:/GSSOC_2026_PRJS/INTERNHACK/InternHack/cl
ient/node_modules/@tanstack/react-query/build/modern/QueryClientProvider.js:20:
3)

Consider adding an error boundary to your tree to customize error handling 
behavior.
Visit https://reactjs.org/link/error-boundaries to learn more about error 
boundaries.

xxx

ΓÄ»ΓÄ»ΓÄ»ΓÄ»ΓÄ»ΓÄ»ΓÄ» Failed Tests 3 ΓÄ»ΓÄ»ΓÄ»ΓÄ»ΓÄ»ΓÄ»ΓÄ»

 FAIL  src/module/student/grants/HackathonCalendarPage.test.tsx > 
HackathonCalendarPage URL filter sync > restores filters from URL params on 
first render
 FAIL  src/module/student/grants/HackathonCalendarPage.test.tsx > 
HackathonCalendarPage URL filter sync > falls back to default values on 
invalid filter params
 FAIL  src/module/student/grants/HackathonCalendarPage.test.tsx > 
HackathonCalendarPage URL filter sync > restores filter UI when navigating 
back and forward
Error: useRoutes() may be used only in the context of a <Router> component.
 Γ¥» invariant 
node_modules/react-router/dist/development/chunk-SRID2YZ2.js:200:11
 Γ¥» useRoutesImpl 
node_modules/react-router/dist/development/chunk-SRID2YZ2.js:7209:3
 Γ¥» useRoutes 
node_modules/react-router/dist/development/chunk-SRID2YZ2.js:7206:10
 Γ¥» Routes 
node_modules/react-router/dist/development/chunk-SRID2YZ2.js:9885:10
 Γ¥» renderWithHooks 
node_modules/react-dom/cjs/react-dom.development.js:15486:18
 Γ¥» mountIndeterminateComponent 
node_modules/react-dom/cjs/react-dom.development.js:20103:13
 Γ¥» beginWork node_modules/react-dom/cjs/react-dom.development.js:21626:16
 Γ¥» beginWork$1 node_modules/react-dom/cjs/react-dom.development.js:27465:14
 Γ¥» performUnitOfWork 
node_modules/react-dom/cjs/react-dom.development.js:26599:12
 Γ¥» workLoopSync node_modules/react-dom/cjs/react-dom.development.js:26505:5

ΓÄ»ΓÄ»ΓÄ»ΓÄ»ΓÄ»ΓÄ»ΓÄ»ΓÄ»ΓÄ»ΓÄ»ΓÄ»ΓÄ»ΓÄ»ΓÄ»ΓÄ»ΓÄ»ΓÄ»ΓÄ»ΓÄ»ΓÄ»ΓÄ»ΓÄ»ΓÄ»ΓÄ»[1/3]ΓÄ
»


 Test Files  1 failed (1)
      Tests  3 failed (3)
   Start at  22:17:18
   Duration  5.92s (transform 622ms, setup 0ms, import 2.04s, tests 77ms, environment 2.81s)

